// Jest Snapshot v1, https://goo.gl/fbAQLP

exports[`button test button 存在 1`] = `
<div>
  按钮
</div>
`;
