// Jest Snapshot v1, https://goo.gl/fbAQLP

exports[`icon render successfully 1`] = `
<span>
  <svg
    className="m-icon"
    style={
      Object {
        "fill": undefined,
      }
    }
  >
    <use
      xlinkHref="#wechat"
    />
  </svg>
</span>
`;
